╭──────────────────────┬───────────────────┬───────────╮
│ [1mName[0m                 │ [1mCountry of Origin[0m │ [1mDunk-able[0m │
├──────────────────────┼───────────────────┼───────────┤
│ Chocolate Digestives │                UK │ Yes       │
│ Tim Tams             │         Australia │ No        │
│ Hobnobs              │                UK │ Yes       │
╰──────────────────────┴───────────────────┴───────────╯