57 Precepts of narcissistic comedy character Zote 
awesome "Hollow knight" game                      
                                                  
                                                  
                                                  
                                                  
                                                  
                                                  
                                                  
                                                  
                                                  
                                                  
                                                  
                                                  
                                                  