┌──────┬──────────────┬────────────┬────────────┐
│ [1mRank[m │ [1mCity[m         │ [1mCountry[m    │ [1mPopulation[m │
├──────┼──────────────┼────────────┼────────────┤
│ [1;38;5;212m1[m    │ [1;38;5;212mTokyo[m        │ [1;38;5;212mJapan[m      │ [1;38;5;212m37,274,000[m │
├──────┼──────────────┼────────────┼────────────┤
│ 2    │ Delhi        │ India      │ 32,065,760 │
├──────┼──────────────┼────────────┼────────────┤
│ …    │ …            │ …          │ …          │
└──────┴──────────────┴────────────┴────────────┘