┌──────────────────────────────────────────────────────────┐
│                                                          │
│                                                          │
│  Name                    Country of Origin    Dunk-able  │
│                                                          │
│                                                          │
├──────────────────────────────────────────────────────────┤
│ [1;38;5;212mChocolate Digestives[m    [1;38;5;212mUK[m                   [1;38;5;212mYes[m         │
│                                                          │
│                                                          │
│  Tim Tams                Australia            No         │
│                                                          │
│                                                          │
│                                                          │
│                                                          │
│  Hobnobs                 UK                   Yes        │
│                                                          │
│                                                          │
└──────────────────────────────────────────────────────────┘