                                                            
                                                            
  Name                      Country of Or…    Dunk-able     
                                                            
                                                            
                                                            
                                                            
  Chocolate Digestives      UK                Yes           
                                                            
                                                            
                                                            
                                                            
  Tim Tams                  Australia         No            
                                                            