┌────────────────────────────┐
│ [1mName[m       [1mCount…[m  [1mDunk-a…[m │
├────────────────────────────┤
│ [1;38;5;212mChocolate[m  [1;38;5;212mUK[m      [1;38;5;212mYes[m     │
│ [1;38;5;212mDigestive[m                  │
│ [1;38;5;212ms[m                          │
│ Tim Tams   Austra  No      │
│            lia             │
│ Hobnobs    UK      Yes     │
└────────────────────────────┘