 Name         Countr…  Dunk-… 
 Chocolate …  UK       Yes    
 Tim Tams     Austra…  No     
 Hobnobs      UK       Yes    
                              
                              
                              
                              
                              
                              
                              
                              
                              
                              
                              