┌────────────────────────────────────────────┐
│ Rank  City          Country     Population │
├────────────────────────────────────────────┤
│ [38;5;68m1[m     [38;5;68mTokyo[m         [38;5;68mJapan[m       [38;5;68m37,274,000[m │
│ 2     Delhi         India       32,065,760 │
│ 3     Shanghai      China       28,516,904 │
│ 4     Dhaka         Bangladesh  22,478,116 │
│ 5     São Paulo     Brazil      22,429,800 │
│ …     …             …           …          │
└────────────────────────────────────────────┘